
> koolie-client@0.1.0 start
> react-scripts start

(node:4252) [DEP_WEBPACK_DEV_SERVER_ON_AFTER_SETUP_MIDDLEWARE] DeprecationWarning: 'onAfterSetupMiddleware' option is deprecated. Please use the 'setupMiddlewares' option.
(Use `node --trace-deprecation ...` to show where the warning was created)
(node:4252) [DEP_WEBPACK_DEV_SERVER_ON_BEFORE_SETUP_MIDDLEWARE] DeprecationWarning: 'onBeforeSetupMiddleware' option is deprecated. Please use the 'setupMiddlewares' option.
Starting the development server...

Compiled with warnings.

[eslint] 
src/components/Layout/Footer.js
  Line 3:27:  'Phone' is defined but never used   no-unused-vars
  Line 3:34:  'MapPin' is defined but never used  no-unused-vars

src/pages/Applications/Applications.js
  Line 19:6:  React Hook useEffect has a missing dependency: 'fetchData'. Either include it or remove the dependency array  react-hooks/exhaustive-deps

src/pages/Dashboard/Dashboard.js
  Line 7:18:  'DollarSign' is defined but never used                                                                                 no-unused-vars
  Line 19:6:  React Hook useEffect has a missing dependency: 'fetchDashboardData'. Either include it or remove the dependency array  react-hooks/exhaustive-deps

src/pages/Jobs/JobDetails.js
  Line 21:6:  React Hook useEffect has a missing dependency: 'fetchJobDetails'. Either include it or remove the dependency array  react-hooks/exhaustive-deps

src/pages/Jobs/Jobs.js
  Line 26:6:  React Hook useEffect has a missing dependency: 'fetchJobs'. Either include it or remove the dependency array  react-hooks/exhaustive-deps

src/pages/Profile/Profile.js
  Line 6:9:    'Mail' is defined but never used                           no-unused-vars
  Line 7:19:   'Upload' is defined but never used                         no-unused-vars
  Line 119:9:  'addWorkExperience' is assigned a value but never used     no-unused-vars
  Line 129:9:  'removeWorkExperience' is assigned a value but never used  no-unused-vars
  Line 136:9:  'addProject' is assigned a value but never used            no-unused-vars
  Line 146:9:  'removeProject' is assigned a value but never used         no-unused-vars

Search for the keywords to learn more about each warning.
To ignore, add // eslint-disable-next-line to the line before.

WARNING in [eslint] 
src/components/Layout/Footer.js
  Line 3:27:  'Phone' is defined but never used   no-unused-vars
  Line 3:34:  'MapPin' is defined but never used  no-unused-vars

src/pages/Applications/Applications.js
  Line 19:6:  React Hook useEffect has a missing dependency: 'fetchData'. Either include it or remove the dependency array  react-hooks/exhaustive-deps

src/pages/Dashboard/Dashboard.js
  Line 7:18:  'DollarSign' is defined but never used                                                                                 no-unused-vars
  Line 19:6:  React Hook useEffect has a missing dependency: 'fetchDashboardData'. Either include it or remove the dependency array  react-hooks/exhaustive-deps

src/pages/Jobs/JobDetails.js
  Line 21:6:  React Hook useEffect has a missing dependency: 'fetchJobDetails'. Either include it or remove the dependency array  react-hooks/exhaustive-deps

src/pages/Jobs/Jobs.js
  Line 26:6:  React Hook useEffect has a missing dependency: 'fetchJobs'. Either include it or remove the dependency array  react-hooks/exhaustive-deps

src/pages/Profile/Profile.js
  Line 6:9:    'Mail' is defined but never used                           no-unused-vars
  Line 7:19:   'Upload' is defined but never used                         no-unused-vars
  Line 119:9:  'addWorkExperience' is assigned a value but never used     no-unused-vars
  Line 129:9:  'removeWorkExperience' is assigned a value but never used  no-unused-vars
  Line 136:9:  'addProject' is assigned a value but never used            no-unused-vars
  Line 146:9:  'removeProject' is assigned a value but never used         no-unused-vars

webpack compiled with 1 warning
